Fetching distribution.
Downloading https://services.gradle.org/distributions/gradle-8.7-bin.zip
............10%.............20%.............30%.............40%............50%.............60%.............70%.............80%.............90%............100%

Welcome to Gradle 8.7!

Here are the highlights of this release:
 - Compiling and testing with Java 22
 - Cacheable Groovy script compilation
 - New methods in lazy collection properties

For more details see https://docs.gradle.org/8.7/release-notes.html

To honour the JVM settings for this build a single-use Daemon process will be forked. For more on this, please refer to https://docs.gradle.org/8.7/userguide/gradle_daemon.html#sec:disabling_the_daemon in the Gradle documentation.
Daemon will be stopped at the end of the build 
> Task :app:preBuild UP-TO-DATE
> Task :app:preDebugBuild UP-TO-DATE
> Task :app:checkKotlinGradlePluginConfigurationErrors
> Task :app:generateDebugResValues
> Task :app:checkDebugAarMetadata
> Task :app:mapDebugSourceSetPaths
> Task :app:generateDebugResources
> Task :app:compileDebugAidl
> Task :app:packageDebugResources
> Task :app:mergeDebugResources
> Task :app:createDebugCompatibleScreenManifests
> Task :app:extractDeepLinksDebug
> Task :app:parseDebugLocalResources
> Task :app:processDebugMainManifest
> Task :app:processDebugManifest
> Task :app:preDebugUnitTestBuild UP-TO-DATE
> Task :app:javaPreCompileDebug
> Task :app:javaPreCompileDebugUnitTest
> Task :app:processDebugManifestForPackage
> Task :app:buildKotlinToolingMetadata
> Task :app:preReleaseBuild UP-TO-DATE
> Task :app:generateReleaseResValues
> Task :app:checkReleaseAarMetadata
> Task :app:mapReleaseSourceSetPaths
> Task :app:generateReleaseResources
> Task :app:compileReleaseAidl
> Task :app:processDebugResources
> Task :app:packageReleaseResources
> Task :app:mergeReleaseResources
> Task :app:createReleaseCompatibleScreenManifests
> Task :app:extractDeepLinksRelease
> Task :app:parseReleaseLocalResources
> Task :app:processReleaseMainManifest
> Task :app:processReleaseManifest
> Task :app:preReleaseUnitTestBuild UP-TO-DATE
> Task :app:javaPreCompileRelease
> Task :app:javaPreCompileReleaseUnitTest
> Task :app:mergeDebugNativeDebugMetadata NO-SOURCE
> Task :app:mergeDebugShaders
> Task :app:compileDebugShaders NO-SOURCE
> Task :app:generateDebugAssets UP-TO-DATE
> Task :app:mergeDebugAssets
> Task :app:processReleaseManifestForPackage
> Task :app:desugarDebugFileDependencies
> Task :app:compressDebugAssets
> Task :app:processReleaseResources
> Task :app:checkDebugDuplicateClasses
> Task :app:mergeDebugStartupProfile
> Task :app:compileDebugKotlin
> Task :app:compileReleaseKotlin
> Task :app:mergeExtDexDebug
> Task :app:mergeLibDexDebug
> Task :app:mergeDebugJniLibFolders
> Task :app:mergeDebugNativeLibs NO-SOURCE
> Task :app:stripDebugDebugSymbols NO-SOURCE
> Task :app:validateSigningDebug
> Task :app:writeDebugAppMetadata
> Task :app:writeDebugSigningConfigVersions

> Task :app:compileDebugKotlin
w: file:///home/runner/work/S_MVtoER-M3vLk4TpRQP-n32Awxa18CTD_NeLCjN2kQ-1/S_MVtoER-M3vLk4TpRQP-n32Awxa18CTD_NeLCjN2kQ-1/NitroBoost/app/src/main/java/com/nitroboost/app/AppStore.kt:300:29 Name shadowed: h
w: file:///home/runner/work/S_MVtoER-M3vLk4TpRQP-n32Awxa18CTD_NeLCjN2kQ-1/S_MVtoER-M3vLk4TpRQP-n32Awxa18CTD_NeLCjN2kQ-1/NitroBoost/app/src/main/java/com/nitroboost/app/AppStore.kt:626:20 'getter for availableBlocks: Int' is deprecated. Deprecated in Java
w: file:///home/runner/work/S_MVtoER-M3vLk4TpRQP-n32Awxa18CTD_NeLCjN2kQ-1/S_MVtoER-M3vLk4TpRQP-n32Awxa18CTD_NeLCjN2kQ-1/NitroBoost/app/src/main/java/com/nitroboost/app/AppStore.kt:665:50 Parameter 'executor' is never used
w: file:///home/runner/work/S_MVtoER-M3vLk4TpRQP-n32Awxa18CTD_NeLCjN2kQ-1/S_MVtoER-M3vLk4TpRQP-n32Awxa18CTD_NeLCjN2kQ-1/NitroBoost/app/src/main/java/com/nitroboost/app/core/SnmpMath.kt:23:33 Unnecessary non-null assertion (!!) on a non-null receiver of type List<String>
w: file:///home/runner/work/S_MVtoER-M3vLk4TpRQP-n32Awxa18CTD_NeLCjN2kQ-1/S_MVtoER-M3vLk4TpRQP-n32Awxa18CTD_NeLCjN2kQ-1/NitroBoost/app/src/main/java/com/nitroboost/app/core/adaptive/AdaptiveLoop.kt:432:47 Parameter 'ctx' is never used
w: file:///home/runner/work/S_MVtoER-M3vLk4TpRQP-n32Awxa18CTD_NeLCjN2kQ-1/S_MVtoER-M3vLk4TpRQP-n32Awxa18CTD_NeLCjN2kQ-1/NitroBoost/app/src/main/java/com/nitroboost/app/core/tasks/CpuFloorTask.kt:72:17 Variable 'w' is never used
w: file:///home/runner/work/S_MVtoER-M3vLk4TpRQP-n32Awxa18CTD_NeLCjN2kQ-1/S_MVtoER-M3vLk4TpRQP-n32Awxa18CTD_NeLCjN2kQ-1/NitroBoost/app/src/main/java/com/nitroboost/app/core/tasks/DisplayTask.kt:70:21 Variable 'r' is never used
w: file:///home/runner/work/S_MVtoER-M3vLk4TpRQP-n32Awxa18CTD_NeLCjN2kQ-1/S_MVtoER-M3vLk4TpRQP-n32Awxa18CTD_NeLCjN2kQ-1/NitroBoost/app/src/main/java/com/nitroboost/app/core/tasks/DisplayTask.kt:92:21 Variable 'r' is never used
w: file:///home/runner/work/S_MVtoER-M3vLk4TpRQP-n32Awxa18CTD_NeLCjN2kQ-1/S_MVtoER-M3vLk4TpRQP-n32Awxa18CTD_NeLCjN2kQ-1/NitroBoost/app/src/main/java/com/nitroboost/app/core/tasks/GovernorTask.kt:75:17 Variable 'w' is never used
w: file:///home/runner/work/S_MVtoER-M3vLk4TpRQP-n32Awxa18CTD_NeLCjN2kQ-1/S_MVtoER-M3vLk4TpRQP-n32Awxa18CTD_NeLCjN2kQ-1/NitroBoost/app/src/main/java/com/nitroboost/app/service/NitroUserService.kt:20:17 Parameter 'context' is never used
w: file:///home/runner/work/S_MVtoER-M3vLk4TpRQP-n32Awxa18CTD_NeLCjN2kQ-1/S_MVtoER-M3vLk4TpRQP-n32Awxa18CTD_NeLCjN2kQ-1/NitroBoost/app/src/main/java/com/nitroboost/app/ui/HomeFragment.kt:230:21 Variable 'v' is never used
w: file:///home/runner/work/S_MVtoER-M3vLk4TpRQP-n32Awxa18CTD_NeLCjN2kQ-1/S_MVtoER-M3vLk4TpRQP-n32Awxa18CTD_NeLCjN2kQ-1/NitroBoost/app/src/main/java/com/nitroboost/app/ui/HomeFragment.kt:340:13 Variable 'v' is never used
w: file:///home/runner/work/S_MVtoER-M3vLk4TpRQP-n32Awxa18CTD_NeLCjN2kQ-1/S_MVtoER-M3vLk4TpRQP-n32Awxa18CTD_NeLCjN2kQ-1/NitroBoost/app/src/main/java/com/nitroboost/app/ui/SettingsFragment.kt:128:38 'versionCode: Int' is deprecated. Deprecated in Java
w: file:///home/runner/work/S_MVtoER-M3vLk4TpRQP-n32Awxa18CTD_NeLCjN2kQ-1/S_MVtoER-M3vLk4TpRQP-n32Awxa18CTD_NeLCjN2kQ-1/NitroBoost/app/src/main/java/com/nitroboost/app/ui/SettingsFragment.kt:338:19 'updateConfiguration(Configuration!, DisplayMetrics!): Unit' is deprecated. Deprecated in Java

> Task :app:compileReleaseKotlin
w: file:///home/runner/work/S_MVtoER-M3vLk4TpRQP-n32Awxa18CTD_NeLCjN2kQ-1/S_MVtoER-M3vLk4TpRQP-n32Awxa18CTD_NeLCjN2kQ-1/NitroBoost/app/src/main/java/com/nitroboost/app/AppStore.kt:300:29 Name shadowed: h
w: file:///home/runner/work/S_MVtoER-M3vLk4TpRQP-n32Awxa18CTD_NeLCjN2kQ-1/S_MVtoER-M3vLk4TpRQP-n32Awxa18CTD_NeLCjN2kQ-1/NitroBoost/app/src/main/java/com/nitroboost/app/AppStore.kt:626:20 'getter for availableBlocks: Int' is deprecated. Deprecated in Java
w: file:///home/runner/work/S_MVtoER-M3vLk4TpRQP-n32Awxa18CTD_NeLCjN2kQ-1/S_MVtoER-M3vLk4TpRQP-n32Awxa18CTD_NeLCjN2kQ-1/NitroBoost/app/src/main/java/com/nitroboost/app/AppStore.kt:665:50 Parameter 'executor' is never used
w: file:///home/runner/work/S_MVtoER-M3vLk4TpRQP-n32Awxa18CTD_NeLCjN2kQ-1/S_MVtoER-M3vLk4TpRQP-n32Awxa18CTD_NeLCjN2kQ-1/NitroBoost/app/src/main/java/com/nitroboost/app/core/SnmpMath.kt:23:33 Unnecessary non-null assertion (!!) on a non-null receiver of type List<String>
w: file:///home/runner/work/S_MVtoER-M3vLk4TpRQP-n32Awxa18CTD_NeLCjN2kQ-1/S_MVtoER-M3vLk4TpRQP-n32Awxa18CTD_NeLCjN2kQ-1/NitroBoost/app/src/main/java/com/nitroboost/app/core/adaptive/AdaptiveLoop.kt:432:47 Parameter 'ctx' is never used
w: file:///home/runner/work/S_MVtoER-M3vLk4TpRQP-n32Awxa18CTD_NeLCjN2kQ-1/S_MVtoER-M3vLk4TpRQP-n32Awxa18CTD_NeLCjN2kQ-1/NitroBoost/app/src/main/java/com/nitroboost/app/core/tasks/CpuFloorTask.kt:72:17 Variable 'w' is never used
w: file:///home/runner/work/S_MVtoER-M3vLk4TpRQP-n32Awxa18CTD_NeLCjN2kQ-1/S_MVtoER-M3vLk4TpRQP-n32Awxa18CTD_NeLCjN2kQ-1/NitroBoost/app/src/main/java/com/nitroboost/app/core/tasks/DisplayTask.kt:70:21 Variable 'r' is never used
w: file:///home/runner/work/S_MVtoER-M3vLk4TpRQP-n32Awxa18CTD_NeLCjN2kQ-1/S_MVtoER-M3vLk4TpRQP-n32Awxa18CTD_NeLCjN2kQ-1/NitroBoost/app/src/main/java/com/nitroboost/app/core/tasks/DisplayTask.kt:92:21 Variable 'r' is never used
w: file:///home/runner/work/S_MVtoER-M3vLk4TpRQP-n32Awxa18CTD_NeLCjN2kQ-1/S_MVtoER-M3vLk4TpRQP-n32Awxa18CTD_NeLCjN2kQ-1/NitroBoost/app/src/main/java/com/nitroboost/app/core/tasks/GovernorTask.kt:75:17 Variable 'w' is never used
w: file:///home/runner/work/S_MVtoER-M3vLk4TpRQP-n32Awxa18CTD_NeLCjN2kQ-1/S_MVtoER-M3vLk4TpRQP-n32Awxa18CTD_NeLCjN2kQ-1/NitroBoost/app/src/main/java/com/nitroboost/app/service/NitroUserService.kt:20:17 Parameter 'context' is never used
w: file:///home/runner/work/S_MVtoER-M3vLk4TpRQP-n32Awxa18CTD_NeLCjN2kQ-1/S_MVtoER-M3vLk4TpRQP-n32Awxa18CTD_NeLCjN2kQ-1/NitroBoost/app/src/main/java/com/nitroboost/app/ui/HomeFragment.kt:230:21 Variable 'v' is never used
w: file:///home/runner/work/S_MVtoER-M3vLk4TpRQP-n32Awxa18CTD_NeLCjN2kQ-1/S_MVtoER-M3vLk4TpRQP-n32Awxa18CTD_NeLCjN2kQ-1/NitroBoost/app/src/main/java/com/nitroboost/app/ui/HomeFragment.kt:340:13 Variable 'v' is never used
w: file:///home/runner/work/S_MVtoER-M3vLk4TpRQP-n32Awxa18CTD_NeLCjN2kQ-1/S_MVtoER-M3vLk4TpRQP-n32Awxa18CTD_NeLCjN2kQ-1/NitroBoost/app/src/main/java/com/nitroboost/app/ui/SettingsFragment.kt:128:38 'versionCode: Int' is deprecated. Deprecated in Java
w: file:///home/runner/work/S_MVtoER-M3vLk4TpRQP-n32Awxa18CTD_NeLCjN2kQ-1/S_MVtoER-M3vLk4TpRQP-n32Awxa18CTD_NeLCjN2kQ-1/NitroBoost/app/src/main/java/com/nitroboost/app/ui/SettingsFragment.kt:338:19 'updateConfiguration(Configuration!, DisplayMetrics!): Unit' is deprecated. Deprecated in Java

> Task :app:compileDebugJavaWithJavac
> Task :app:processDebugJavaRes
> Task :app:bundleDebugClassesToRuntimeJar
> Task :app:bundleDebugClassesToCompileJar
> Task :app:compileReleaseJavaWithJavac
> Task :app:processReleaseJavaRes
> Task :app:bundleReleaseClassesToRuntimeJar
> Task :app:bundleReleaseClassesToCompileJar
> Task :app:dexBuilderDebug
> Task :app:mergeDebugGlobalSynthetics
> Task :app:mergeProjectDexDebug
> Task :app:mergeDebugJavaResource
> Task :app:packageDebug
> Task :app:createDebugApkListingFileRedirect
> Task :app:assembleDebug
> Task :app:compileDebugUnitTestKotlin
> Task :app:compileDebugUnitTestJavaWithJavac NO-SOURCE
> Task :app:processDebugUnitTestJavaRes
> Task :app:compileReleaseUnitTestKotlin

> Task :app:testDebugUnitTest

com.nitroboost.app.core.IoSchedulerTaskTest > switches mmcblk0 to none and journals the previous scheduler FAILED
    java.lang.AssertionError at IoSchedulerTaskTest.kt:39

104 tests completed, 1 failed

> Task :app:testDebugUnitTest FAILED

FAILURE: Build failed with an exception.

* What went wrong:
Execution failed for task ':app:testDebugUnitTest'.
> There were failing tests. See the report at: file:///home/runner/work/S_MVtoER-M3vLk4TpRQP-n32Awxa18CTD_NeLCjN2kQ-1/S_MVtoER-M3vLk4TpRQP-n32Awxa18CTD_NeLCjN2kQ-1/NitroBoost/app/build/reports/tests/testDebugUnitTest/index.html

* Try:
> Run with --scan to get full insights.

* Exception is:
org.gradle.api.tasks.TaskExecutionException: Execution failed for task ':app:testDebugUnitTest'.
	at org.gradle.api.internal.tasks.execution.ExecuteActionsTaskExecuter.lambda$executeIfValid$1(ExecuteActionsTaskExecuter.java:130)
	at org.gradle.internal.Try$Failure.ifSuccessfulOrElse(Try.java:282)
	at org.gradle.api.internal.tasks.execution.ExecuteActionsTaskExecuter.executeIfValid(ExecuteActionsTaskExecuter.java:128)
	at org.gradle.api.internal.tasks.execution.ExecuteActionsTaskExecuter.execute(ExecuteActionsTaskExecuter.java:116)
	at org.gradle.api.internal.tasks.execution.FinalizePropertiesTaskExecuter.execute(FinalizePropertiesTaskExecuter.java:46)
	at org.gradle.api.internal.tasks.execution.ResolveTaskExecutionModeExecuter.execute(ResolveTaskExecutionModeExecuter.java:51)
	at org.gradle.api.internal.tasks.execution.SkipTaskWithNoActionsExecuter.execute(SkipTaskWithNoActionsExecuter.java:57)
	at org.gradle.api.internal.tasks.execution.SkipOnlyIfTaskExecuter.execute(SkipOnlyIfTaskExecuter.java:74)
	at org.gradle.api.internal.tasks.execution.CatchExceptionTaskExecuter.execute(CatchExceptionTaskExecuter.java:36)
	at org.gradle.api.internal.tasks.execution.EventFiringTaskExecuter$1.executeTask(EventFiringTaskExecuter.java:77)
	at org.gradle.api.internal.tasks.execution.EventFiringTaskExecuter$1.call(EventFiringTaskExecuter.java:55)
	at org.gradle.api.internal.tasks.execution.EventFiringTaskExecuter$1.call(EventFiringTaskExecuter.java:52)
	at org.gradle.internal.operations.DefaultBuildOperationRunner$CallableBuildOperationWorker.execute(DefaultBuildOperationRunner.java:200)
	at org.gradle.internal.operations.DefaultBuildOperationRunner$CallableBuildOperationWorker.execute(DefaultBuildOperationRunner.java:195)
	at org.gradle.internal.operations.DefaultBuildOperationRunner$2.execute(DefaultBuildOperationRunner.java:66)
	at org.gradle.internal.operations.DefaultBuildOperationRunner$2.execute(DefaultBuildOperationRunner.java:59)
	at org.gradle.internal.operations.DefaultBuildOperationRunner.execute(DefaultBuildOperationRunner.java:157)
	at org.gradle.internal.operations.DefaultBuildOperationRunner.execute(DefaultBuildOperationRunner.java:59)
	at org.gradle.internal.operations.DefaultBuildOperationRunner.call(DefaultBuildOperationRunner.java:53)
	at org.gradle.internal.operations.DefaultBuildOperationExecutor.call(DefaultBuildOperationExecutor.java:73)
	at org.gradle.api.internal.tasks.execution.EventFiringTaskExecuter.execute(EventFiringTaskExecuter.java:52)
	at org.gradle.execution.plan.LocalTaskNodeExecutor.execute(LocalTaskNodeExecutor.java:42)
	at org.gradle.execution.taskgraph.DefaultTaskExecutionGraph$InvokeNodeExecutorsAction.execute(DefaultTaskExecutionGraph.java:331)
	at org.gradle.execution.taskgraph.DefaultTaskExecutionGraph$InvokeNodeExecutorsAction.execute(DefaultTaskExecutionGraph.java:318)
	at org.gradle.execution.taskgraph.DefaultTaskExecutionGraph$BuildOperationAwareExecutionAction.lambda$execute$0(DefaultTaskExecutionGraph.java:314)
	at org.gradle.internal.operations.CurrentBuildOperationRef.with(CurrentBuildOperationRef.java:80)
	at org.gradle.execution.taskgraph.DefaultTaskExecutionGraph$BuildOperationAwareExecutionAction.execute(DefaultTaskExecutionGraph.java:314)
	at org.gradle.execution.taskgraph.DefaultTaskExecutionGraph$BuildOperationAwareExecutionAction.execute(DefaultTaskExecutionGraph.java:303)
	at org.gradle.execution.plan.DefaultPlanExecutor$ExecutorWorker.execute(DefaultPlanExecutor.java:463)
	at org.gradle.execution.plan.DefaultPlanExecutor$ExecutorWorker.run(DefaultPlanExecutor.java:380)
	at org.gradle.internal.concurrent.ExecutorPolicy$CatchAndRecordFailures.onExecute(ExecutorPolicy.java:64)
	at org.gradle.internal.concurrent.AbstractManagedExecutor$1.run(AbstractManagedExecutor.java:47)
Caused by: org.gradle.api.internal.exceptions.MarkedVerificationException: There were failing tests. See the report at: file:///home/runner/work/S_MVtoER-M3vLk4TpRQP-n32Awxa18CTD_NeLCjN2kQ-1/S_MVtoER-M3vLk4TpRQP-n32Awxa18CTD_NeLCjN2kQ-1/NitroBoost/app/build/reports/tests/testDebugUnitTest/index.html
	at org.gradle.api.tasks.testing.AbstractTestTask.handleTestFailures(AbstractTestTask.java:691)
	at org.gradle.api.tasks.testing.AbstractTestTask.handleCollectedResults(AbstractTestTask.java:533)
	at org.gradle.api.tasks.testing.AbstractTestTask.executeTests(AbstractTestTask.java:528)
	at org.gradle.api.tasks.testing.Test.executeTests(Test.java:715)
	at com.android.build.gradle.tasks.factory.AndroidUnitTest.executeTests(AndroidUnitTest.java:161)
	at java.base/jdk.internal.reflect.NativeMethodAccessorImpl.invoke0(Native Method)
	at java.base/jdk.internal.reflect.NativeMethodAccessorImpl.invoke(NativeMethodAccessorImpl.java:77)
	at java.base/jdk.internal.reflect.DelegatingMethodAccessorImpl.invoke(DelegatingMethodAccessorImpl.java:43)
	at org.gradle.internal.reflect.JavaMethod.invoke(JavaMethod.java:125)
	at org.gradle.api.internal.project.taskfactory.StandardTaskAction.doExecute(StandardTaskAction.java:58)
	at org.gradle.api.internal.project.taskfactory.StandardTaskAction.execute(StandardTaskAction.java:51)
	at org.gradle.api.internal.project.taskfactory.StandardTaskAction.execute(StandardTaskAction.java:29)
	at org.gradle.api.internal.tasks.execution.TaskExecution$3.run(TaskExecution.java:244)
	at org.gradle.internal.operations.DefaultBuildOperationRunner$1.execute(DefaultBuildOperationRunner.java:29)
	at org.gradle.internal.operations.DefaultBuildOperationRunner$1.execute(DefaultBuildOperationRunner.java:26)
	at org.gradle.internal.operations.DefaultBuildOperationRunner$2.execute(DefaultBuildOperationRunner.java:66)
	at org.gradle.internal.operations.DefaultBuildOperationRunner$2.execute(DefaultBuildOperationRunner.java:59)
	at org.gradle.internal.operations.DefaultBuildOperationRunner.execute(DefaultBuildOperationRunner.java:157)
	at org.gradle.internal.operations.DefaultBuildOperationRunner.execute(DefaultBuildOperationRunner.java:59)
	at org.gradle.internal.operations.DefaultBuildOperationRunner.run(DefaultBuildOperationRunner.java:47)
	at org.gradle.internal.operations.DefaultBuildOperationExecutor.run(DefaultBuildOperationExecutor.java:68)
	at org.gradle.api.internal.tasks.execution.TaskExecution.executeAction(TaskExecution.java:229)
	at org.gradle.api.internal.tasks.execution.TaskExecution.executeActions(TaskExecution.java:212)
	at org.gradle.api.internal.tasks.execution.TaskExecution.executeWithPreviousOutputFiles(TaskExecution.java:195)
	at org.gradle.api.internal.tasks.execution.TaskExecution.execute(TaskExecution.java:162)
	at org.gradle.internal.execution.steps.ExecuteStep.executeInternal(ExecuteStep.java:105)
	at org.gradle.internal.execution.steps.ExecuteStep.access$000(ExecuteStep.java:44)
	at org.gradle.internal.execution.steps.ExecuteStep$1.call(ExecuteStep.java:59)
	at org.gradle.internal.execution.steps.ExecuteStep$1.call(ExecuteStep.java:56)
	at org.gradle.internal.operations.DefaultBuildOperationRunner$CallableBuildOperationWorker.execute(DefaultBuildOperationRunner.java:200)
	at org.gradle.internal.operations.DefaultBuildOperationRunner$CallableBuildOperationWorker.execute(DefaultBuildOperationRunner.java:195)
	at org.gradle.internal.operations.DefaultBuildOperationRunner$2.execute(DefaultBuildOperationRunner.java:66)
	at org.gradle.internal.operations.DefaultBuildOperationRunner$2.execute(DefaultBuildOperationRunner.java:59)
	at org.gradle.internal.operations.DefaultBuildOperationRunner.execute(DefaultBuildOperationRunner.java:157)
	at org.gradle.internal.operations.DefaultBuildOperationRunner.execute(DefaultBuildOperationRunner.java:59)
	at org.gradle.internal.operations.DefaultBuildOperationRunner.call(DefaultBuildOperationRunner.java:53)
	at org.gradle.internal.operations.DefaultBuildOperationExecutor.call(DefaultBuildOperationExecutor.java:73)
	at org.gradle.internal.execution.steps.ExecuteStep.execute(ExecuteStep.java:56)
	at org.gradle.internal.execution.steps.ExecuteStep.execute(ExecuteStep.java:44)
	at org.gradle.internal.execution.steps.CancelExecutionStep.execute(CancelExecutionStep.java:41)
	at org.gradle.internal.execution.steps.TimeoutStep.executeWithoutTimeout(TimeoutStep.java:74)
	at org.gradle.internal.execution.steps.TimeoutStep.execute(TimeoutStep.java:55)
	at org.gradle.internal.execution.steps.PreCreateOutputParentsStep.execute(PreCreateOutputParentsStep.java:50)
	at org.gradle.internal.execution.steps.PreCreateOutputParentsStep.execute(PreCreateOutputParentsStep.java:28)
	at org.gradle.internal.execution.steps.RemovePreviousOutputsStep.execute(RemovePreviousOutputsStep.java:67)
	at org.gradle.internal.execution.steps.RemovePreviousOutputsStep.execute(RemovePreviousOutputsStep.java:37)
	at org.gradle.internal.execution.steps.BroadcastChangingOutputsStep.execute(BroadcastChangingOutputsStep.java:61)
	at org.gradle.internal.execution.steps.BroadcastChangingOutputsStep.execute(BroadcastChangingOutputsStep.java:26)
	at org.gradle.internal.execution.steps.CaptureOutputsAfterExecutionStep.execute(CaptureOutputsAfterExecutionStep.java:67)
	at org.gradle.internal.execution.steps.CaptureOutputsAfterExecutionStep.execute(CaptureOutputsAfterExecutionStep.java:45)
	at org.gradle.internal.execution.steps.ResolveInputChangesStep.execute(ResolveInputChangesStep.java:40)
	at org.gradle.internal.execution.steps.ResolveInputChangesStep.execute(ResolveInputChangesStep.java:29)
	at org.gradle.internal.execution.steps.BuildCacheStep.executeWithoutCache(BuildCacheStep.java:189)
	at org.gradle.internal.execution.steps.BuildCacheStep.lambda$execute$1(BuildCacheStep.java:75)
	at org.gradle.internal.Either$Right.fold(Either.java:175)
	at org.gradle.internal.execution.caching.CachingState.fold(CachingState.java:62)
	at org.gradle.internal.execution.steps.BuildCacheStep.execute(BuildCacheStep.java:73)
	at org.gradle.internal.execution.steps.BuildCacheStep.execute(BuildCacheStep.java:48)
	at org.gradle.internal.execution.steps.StoreExecutionStateStep.execute(StoreExecutionStateStep.java:46)
	at org.gradle.internal.execution.steps.StoreExecutionStateStep.execute(StoreExecutionStateStep.java:35)
	at org.gradle.internal.execution.steps.SkipUpToDateStep.executeBecause(SkipUpToDateStep.java:76)
	at org.gradle.internal.execution.steps.SkipUpToDateStep.lambda$execute$2(SkipUpToDateStep.java:54)
	at org.gradle.internal.execution.steps.SkipUpToDateStep.execute(SkipUpToDateStep.java:54)
	at org.gradle.internal.execution.steps.SkipUpToDateStep.execute(SkipUpToDateStep.java:36)
	at org.gradle.internal.execution.steps.legacy.MarkSnapshottingInputsFinishedStep.execute(MarkSnapshottingInputsFinishedStep.java:37)
	at org.gradle.internal.execution.steps.legacy.MarkSnapshottingInputsFinishedStep.execute(MarkSnapshottingInputsFinishedStep.java:27)
	at org.gradle.internal.execution.steps.ResolveIncrementalCachingStateStep.executeDelegate(ResolveIncrementalCachingStateStep.java:49)
	at org.gradle.internal.execution.steps.ResolveIncrementalCachingStateStep.executeDelegate(ResolveIncrementalCachingStateStep.java:27)
	at org.gradle.internal.execution.steps.AbstractResolveCachingStateStep.execute(AbstractResolveCachingStateStep.java:71)
	at org.gradle.internal.execution.steps.AbstractResolveCachingStateStep.execute(AbstractResolveCachingStateStep.java:39)
	at org.gradle.internal.execution.steps.ResolveChangesStep.execute(ResolveChangesStep.java:65)
	at org.gradle.internal.execution.steps.ResolveChangesStep.execute(ResolveChangesStep.java:36)
	at org.gradle.internal.execution.steps.ValidateStep.execute(ValidateStep.java:106)
	at org.gradle.internal.execution.steps.ValidateStep.execute(ValidateStep.java:55)
	at org.gradle.internal.execution.steps.AbstractCaptureStateBeforeExecutionStep.execute(AbstractCaptureStateBeforeExecutionStep.java:64)
	at org.gradle.internal.execution.steps.AbstractCaptureStateBeforeExecutionStep.execute(AbstractCaptureStateBeforeExecutionStep.java:43)
	at org.gradle.internal.execution.steps.AbstractSkipEmptyWorkStep.executeWithNonEmptySources(AbstractSkipEmptyWorkStep.java:125)
	at org.gradle.internal.execution.steps.AbstractSkipEmptyWorkStep.execute(AbstractSkipEmptyWorkStep.java:61)
	at org.gradle.internal.execution.steps.AbstractSkipEmptyWorkStep.execute(AbstractSkipEmptyWorkStep.java:36)
	at org.gradle.internal.execution.steps.legacy.MarkSnapshottingInputsStartedStep.execute(MarkSnapshottingInputsStartedStep.java:38)
	at org.gradle.internal.execution.steps.LoadPreviousExecutionStateStep.execute(LoadPreviousExecutionStateStep.java:36)
	at org.gradle.internal.execution.steps.LoadPreviousExecutionStateStep.execute(LoadPreviousExecutionStateStep.java:23)
	at org.gradle.internal.execution.steps.HandleStaleOutputsStep.execute(HandleStaleOutputsStep.java:75)
	at org.gradle.internal.execution.steps.HandleStaleOutputsStep.execute(HandleStaleOutputsStep.java:41)
	at org.gradle.internal.execution.steps.AssignMutableWorkspaceStep.lambda$execute$0(AssignMutableWorkspaceStep.java:35)
	at org.gradle.api.internal.tasks.execution.TaskExecution$4.withWorkspace(TaskExecution.java:289)
	at org.gradle.internal.execution.steps.AssignMutableWorkspaceStep.execute(AssignMutableWorkspaceStep.java:31)
	at org.gradle.internal.execution.steps.AssignMutableWorkspaceStep.execute(AssignMutableWorkspaceStep.java:22)
	at org.gradle.internal.execution.steps.ChoosePipelineStep.execute(ChoosePipelineStep.java:40)
	at org.gradle.internal.execution.steps.ChoosePipelineStep.execute(ChoosePipelineStep.java:23)
	at org.gradle.internal.execution.steps.ExecuteWorkBuildOperationFiringStep.lambda$execute$2(ExecuteWorkBuildOperationFiringStep.java:67)
	at org.gradle.internal.execution.steps.ExecuteWorkBuildOperationFiringStep.execute(ExecuteWorkBuildOperationFiringStep.java:67)
	at org.gradle.internal.execution.steps.ExecuteWorkBuildOperationFiringStep.execute(ExecuteWorkBuildOperationFiringStep.java:39)
	at org.gradle.internal.execution.steps.IdentityCacheStep.execute(IdentityCacheStep.java:46)
	at org.gradle.internal.execution.steps.IdentityCacheStep.execute(IdentityCacheStep.java:34)
	at org.gradle.internal.execution.steps.IdentifyStep.execute(IdentifyStep.java:48)
	at org.gradle.internal.execution.steps.IdentifyStep.execute(IdentifyStep.java:35)
	at org.gradle.internal.execution.impl.DefaultExecutionEngine$1.execute(DefaultExecutionEngine.java:61)
	at org.gradle.api.internal.tasks.execution.ExecuteActionsTaskExecuter.executeIfValid(ExecuteActionsTaskExecuter.java:127)
	at org.gradle.api.internal.tasks.execution.ExecuteActionsTaskExecuter.execute(ExecuteActionsTaskExecuter.java:116)
	at org.gradle.api.internal.tasks.execution.FinalizePropertiesTaskExecuter.execute(FinalizePropertiesTaskExecuter.java:46)
	at org.gradle.api.internal.tasks.execution.ResolveTaskExecutionModeExecuter.execute(ResolveTaskExecutionModeExecuter.java:51)
	at org.gradle.api.internal.tasks.execution.SkipTaskWithNoActionsExecuter.execute(SkipTaskWithNoActionsExecuter.java:57)
	at org.gradle.api.internal.tasks.execution.SkipOnlyIfTaskExecuter.execute(SkipOnlyIfTaskExecuter.java:74)
	at org.gradle.api.internal.tasks.execution.CatchExceptionTaskExecuter.execute(CatchExceptionTaskExecuter.java:36)
	at org.gradle.api.internal.tasks.execution.EventFiringTaskExecuter$1.executeTask(EventFiringTaskExecuter.java:77)
	at org.gradle.api.internal.tasks.execution.EventFiringTaskExecuter$1.call(EventFiringTaskExecuter.java:55)
	at org.gradle.api.internal.tasks.execution.EventFiringTaskExecuter$1.call(EventFiringTaskExecuter.java:52)
	at org.gradle.internal.operations.DefaultBuildOperationRunner$CallableBuildOperationWorker.execute(DefaultBuildOperationRunner.java:200)
	at org.gradle.internal.operations.DefaultBuildOperationRunner$CallableBuildOperationWorker.execute(DefaultBuildOperationRunner.java:195)
	at org.gradle.internal.operations.DefaultBuildOperationRunner$2.execute(DefaultBuildOperationRunner.java:66)
	at org.gradle.internal.operations.DefaultBuildOperationRunner$2.execute(DefaultBuildOperationRunner.java:59)
	at org.gradle.internal.operations.DefaultBuildOperationRunner.execute(DefaultBuildOperationRunner.java:157)
	at org.gradle.internal.operations.DefaultBuildOperationRunner.execute(DefaultBuildOperationRunner.java:59)
	at org.gradle.internal.operations.DefaultBuildOperationRunner.call(DefaultBuildOperationRunner.java:53)
	at org.gradle.internal.operations.DefaultBuildOperationExecutor.call(DefaultBuildOperationExecutor.java:73)
	at org.gradle.api.internal.tasks.execution.EventFiringTaskExecuter.execute(EventFiringTaskExecuter.java:52)
	at org.gradle.execution.plan.LocalTaskNodeExecutor.execute(LocalTaskNodeExecutor.java:42)
	at org.gradle.execution.taskgraph.DefaultTaskExecutionGraph$InvokeNodeExecutorsAction.execute(DefaultTaskExecutionGraph.java:331)
	at org.gradle.execution.taskgraph.DefaultTaskExecutionGraph$InvokeNodeExecutorsAction.execute(DefaultTaskExecutionGraph.java:318)
	at org.gradle.execution.taskgraph.DefaultTaskExecutionGraph$BuildOperationAwareExecutionAction.lambda$execute$0(DefaultTaskExecutionGraph.java:314)
	at org.gradle.internal.operations.CurrentBuildOperationRef.with(CurrentBuildOperationRef.java:80)
	at org.gradle.execution.taskgraph.DefaultTaskExecutionGraph$BuildOperationAwareExecutionAction.execute(DefaultTaskExecutionGraph.java:314)
	at org.gradle.execution.taskgraph.DefaultTaskExecutionGraph$BuildOperationAwareExecutionAction.execute(DefaultTaskExecutionGraph.java:303)
	at org.gradle.execution.plan.DefaultPlanExecutor$ExecutorWorker.execute(DefaultPlanExecutor.java:463)
	at org.gradle.execution.plan.DefaultPlanExecutor$ExecutorWorker.run(DefaultPlanExecutor.java:380)
	at org.gradle.internal.concurrent.ExecutorPolicy$CatchAndRecordFailures.onExecute(ExecutorPolicy.java:64)
	at org.gradle.internal.concurrent.AbstractManagedExecutor$1.run(AbstractManagedExecutor.java:47)


BUILD FAILED in 2m 32s
66 actionable tasks: 66 executed
PR-QUERY-OUTPUT: gh: To use GitHub CLI in a GitHub Actions workflow, set the GH_TOKEN environment variable. Example:
  env:
    GH_TOKEN: ${{ github.token }}
PR-NUMBER: none
